Breakpad_SteamMiniDumpInit
Breakpad_SteamSendMiniDump
Breakpad_SteamSetAppID
Breakpad_SteamSetSteamID
Breakpad_SteamWriteMiniDumpSetComment
Breakpad_SteamWriteMiniDumpUsingExceptionInfoWithBuildId
CreateInterface
JNI_OnLoad
SteamAPI_GetHSteamPipe
SteamAPI_GetHSteamUser
SteamAPI_GetSteamInstallPath
SteamAPI_Init
SteamAPI_InitEx
SteamAPI_IsSteamRunning
SteamAPI_ManualDispatch_FreeLastCallback
SteamAPI_ManualDispatch_GetAPICallResult
SteamAPI_ManualDispatch_GetNextCallback
SteamAPI_ManualDispatch_Init
SteamAPI_ManualDispatch_RunFrame
SteamAPI_RegisterCallResult
SteamAPI_RegisterCallback
SteamAPI_ReleaseCurrentThreadMemory
SteamAPI_RestartAppIfNecessary
SteamAPI_RunCallbacks
SteamAPI_SetTryCatchCallbacks
SteamAPI_Shutdown
SteamAPI_UnregisterCallResult
SteamAPI_UnregisterCallback
SteamAPI_WriteMiniDump
SteamClient
SteamGameServer_BSecure
SteamGameServer_GetHSteamPipe
SteamGameServer_GetHSteamUser
SteamGameServer_GetSteamID
SteamGameServer_Init
SteamGameServer_RunCallbacks
SteamGameServer_Shutdown
SteamInternal_CreateInterface
SteamInternal_FindOrCreateGameServerInterface
SteamInternal_FindOrCreateUserInterface
Steam_BConnected
Steam_BGetCallback
Steam_BLoggedOn
Steam_BReleaseSteamPipe
Steam_ConnectToGlobalUser
Steam_CreateGlobalUser
Steam_CreateLocalUser
Steam_CreateSteamPipe
Steam_FreeLastCallback
Steam_GSBLoggedOn
Steam_GSBSecure
Steam_GSGetSteam2GetEncryptionKeyToSendToNewClient
Steam_GSGetSteamID
Steam_GSLogOff
Steam_GSLogOn
Steam_GSRemoveUserConnect
Steam_GSSendSteam2UserConnect
Steam_GSSendSteam3UserConnect
Steam_GSSendUserDisconnect
Steam_GSSendUserStatusResponse
Steam_GSSetServerType
Steam_GSSetSpawnCount
Steam_GSUpdateStatus
Steam_GetAPICallResult
Steam_GetGSHandle
Steam_InitiateGameConnection
Steam_IsAPICallCompleted
Steam_IsKnownInterface
Steam_LogOff
Steam_LogOn
Steam_NotifyMissingInterface
Steam_ReleaseThreadLocalMemory
Steam_ReleaseUser
Steam_SetLocalIPBinding
Steam_TerminateGameConnection
